// Jest Snapshot v1, https://goo.gl/fbAQLP

exports[`<NavBar/> Should match the NavBar component snapshot 1`] = `
<div
  className="makeStyles-root-1"
>
  <header
    className="MuiPaper-root MuiAppBar-root MuiAppBar-positionStatic MuiAppBar-colorPrimary navbar MuiPaper-elevation4"
  >
    <div
      className="MuiToolbar-root MuiToolbar-regular navbar-content MuiToolbar-gutters"
    >
      <div
        className="brand"
      >
        <a
          className="brand-link"
          href="/"
          onClick={[Function]}
        >
          <span
            className="brand-barefoot"
          >
            Barefoot
          </span>
          <span
            className="brand-nomad"
          >
            Nomad
          </span>
        </a>
      </div>
      <div
        className="brand"
      >
        <a
          className="navlink"
          color="primary"
          href="/"
          onClick={[Function]}
        >
          Login
        </a>
        <a
          className="navlink navlink-signup"
          color="textPrimary"
          href="/dashboard/requests"
          onClick={[Function]}
        >
          Create account
        </a>
      </div>
    </div>
  </header>
</div>
`;
